slurmstepd: error: *** JOB 1458749 ON c18u04n4 CANCELLED AT 2023-07-25T19:25:56 ***
